[GIN-debug] [WARNING] Running in "debug" mode. Switch to "release" mode in production.
 - using env:	export GIN_MODE=release
 - using code:	gin.SetMode(gin.ReleaseMode)

[GIN-debug] GET    /v1/announcement-list     --> github.com/Myriad-Dreamin/boj-v6/lib/gin.ToGinHandler.func1 (5 handlers)
[GIN-debug] GET    /v1/announcement-count    --> github.com/Myriad-Dreamin/boj-v6/lib/gin.ToGinHandler.func1 (5 handlers)
[GIN-debug] POST   /v1/announcement          --> github.com/Myriad-Dreamin/boj-v6/lib/gin.ToGinHandler.func1 (6 handlers)
[GIN-debug] PUT    /v1/announcement/:aid     --> github.com/Myriad-Dreamin/boj-v6/lib/gin.ToGinHandler.func1 (6 handlers)
[GIN-debug] DELETE /v1/announcement/:aid     --> github.com/Myriad-Dreamin/boj-v6/lib/gin.ToGinHandler.func1 (6 handlers)
[GIN-debug] GET    /v1/announcement/:aid     --> github.com/Myriad-Dreamin/boj-v6/lib/gin.ToGinHandler.func1 (5 handlers)
[GIN-debug] GET    /ping                     --> github.com/Myriad-Dreamin/boj-v6/lib/gin.ToGinHandler.func1 (5 handlers)
[GIN] 2020/07/10 - 12:26:25 | 403 |            0s |                 | POST     "/v1/announcement"
Error #01: missing uid
